// Jest Snapshot v1, https://goo.gl/fbAQLP

exports[`<Doe /> render() should render correctly 1`] = `
<div>
  <P
    doe=""
    intl={
      Object {
        "formatMessage": [MockFunction],
      }
    }
  />
</div>
`;

exports[`<Doe /> render() should render text field if variant is text field 1`] = `
<div>
  <FormsyInterceptor
    doe=""
    intl={
      Object {
        "formatMessage": [MockFunction] {
          "calls": Array [
            Array [
              Object {
                "defaultMessage": "DOE Number",
                "id": "app.smartComponents.Organisation.parts.doe.label",
              },
            ],
            Array [
              Object {
                "defaultMessage": "DOE Number",
                "id": "app.smartComponents.Organisation.parts.doe.label",
              },
            ],
          ],
          "results": Array [
            Object {
              "type": "return",
              "value": undefined,
            },
            Object {
              "type": "return",
              "value": undefined,
            },
          ],
        },
      }
    }
    name="doe"
    onInterceptValue={[Function]}
    value=""
  />
</div>
`;

exports[`<Doe /> render() should render text only variant 1`] = `
<div>
  <P
    doe=""
    intl={
      Object {
        "formatMessage": [MockFunction],
      }
    }
  />
</div>
`;
