// Jest Snapshot v1, https://goo.gl/fbAQLP

exports[`<ActionButtons /> render() should render correctly 1`] = `
<div>
  <WithStyles(Button)
    color="gray"
    icon="ellipsis"
    iconButton={true}
    onClick={[Function]}
    size="small"
    variant="borderless"
  />
  <WithStyles(ForwardRef(Menu))
    anchorEl={null}
    onClose={[Function]}
    open={false}
  >
    <WithStyles(ForwardRef(MenuItem))
      button={true}
      onClick={[Function]}
    >
      <WithStyles(Icon)
        icon="pencil3"
      />
      <FormattedMessage
        defaultMessage="Edit"
        id="app.containers.Templates.Components.TemplateFolder.editLabel"
      />
    </WithStyles(ForwardRef(MenuItem))>
    <WithStyles(ForwardRef(MenuItem))
      button={true}
      onClick={[Function]}
    >
      <WithStyles(Icon)
        icon="trash2"
      />
      <FormattedMessage
        defaultMessage="Delete"
        id="app.containers.Templates.Components.TemplateFolder.deleteLabel"
      />
    </WithStyles(ForwardRef(MenuItem))>
    <WithStyles(ForwardRef(MenuItem))
      button={true}
      onClick={[Function]}
    >
      <WithStyles(Icon)
        icon="compare"
      />
      <FormattedMessage
        defaultMessage="Move"
        id="app.containers.Templates.Components.TemplateFolder.moveLabel"
      />
    </WithStyles(ForwardRef(MenuItem))>
    <WithStyles(ForwardRef(MenuItem))
      button={true}
      onClick={[Function]}
    >
      <WithStyles(Icon)
        icon="copy"
      />
      <FormattedMessage
        defaultMessage="Copy"
        id="app.containers.Templates.Components.TemplateFolder.copyLabel"
      />
    </WithStyles(ForwardRef(MenuItem))>
  </WithStyles(ForwardRef(Menu))>
</div>
`;
