// Jest Snapshot v1, https://goo.gl/fbAQLP

exports[`<TableBody /> should render something 1`] = `
<WithStyles(ForwardRef(TableBody))
  className="TableBody-root"
/>
`;
